# This file can be used with the --list option of the model downloader.
alexnet
caffenet
densenet-121
densenet-121-caffe2
densenet-121-tf
densenet-161
densenet-161-tf
densenet-169
densenet-169-tf
densenet-201
efficientnet-b0
efficientnet-b0_auto_aug
efficientnet-b0-pytorch
efficientnet-b5
efficientnet-b5-pytorch
efficientnet-b7_auto_aug
efficientnet-b7-pytorch
googlenet-v1
googlenet-v1-tf
googlenet-v2
googlenet-v3
googlenet-v3-pytorch
googlenet-v4-tf
hbonet-0.25
hbonet-0.5
hbonet-1.0
inception-resnet-v2-tf
mobilenet-v1-0.25-128
mobilenet-v1-0.50-160
mobilenet-v1-0.50-224
mobilenet-v1-1.0-224
mobilenet-v1-1.0-224-tf
mobilenet-v2
mobilenet-v2-1.0-224
mobilenet-v2-1.4-224
mobilenet-v2-pytorch
octave-densenet-121-0.125
octave-resnet-101-0.125
octave-resnet-200-0.125
octave-resnet-26-0.25
octave-resnet-50-0.125
octave-resnext-101-0.25
octave-resnext-50-0.25
octave-se-resnet-50-0.125
resnet-101
resnet-152
resnet-18-pytorch
resnet-50
resnet-50-caffe2
resnet-50-pytorch
resnet-50-tf
resnet18-xnor-binary-onnx-0001
resnet50-binary-0001
se-inception
se-resnet-101
se-resnet-152
se-resnet-50
se-resnext-101
se-resnext-50
squeezenet1.0
squeezenet1.1
squeezenet1.1-caffe2
vgg16
vgg19
vgg19-caffe2
