# This file can be used with the --list option of the model downloader.
squeezenet1.1-caffe2
ssd_mobilenet_v2_coco
mobilenet-v1-0.25-128
vgg19-caffe2
densenet-201
caffenet
efficientnet-b5-pytorch
efficientnet-b5
squeezenet1.0
mobilenet-v2-pytorch
se-resnext-50
octave-se-resnet-50-0.125
octave-resnet-26-0.25
googlenet-v2
resnet-50-caffe2
se-resnext-101
octave-resnet-200-0.125
se-inception
googlenet-v1
googlenet-v4
mobilenet-v1-1.0-224
densenet-121-tf
octave-resnet-101-0.125
se-resnet-50
mobilenet-v2-1.0-224
googlenet-v3
alexnet
mobilenet-v2
resnet-50
inception-resnet-v2-tf
efficientnet-b0_auto_aug
octave-resnext-101-0.25
densenet-121-caffe2
densenet-161
octave-resnet-50-0.125
mobilenet-v1-1.0-224-tf
efficientnet-b7-pytorch
efficientnet-b7_auto_aug
vgg19
googlenet-v3-pytorch
inception-resnet-v2
resnet-101
efficientnet-b0-pytorch
densenet-169-tf
vgg16
mobilenet-v1-0.50-160
mobilenet-v2-1.4-224
octave-resnext-50-0.25
resnet-152
mobilenet-v1-0.50-224
octave-densenet-121-0.125
densenet-161-tf
resnet-50-pytorch
densenet-121
efficientnet-b0
se-resnet-101
densenet-169
se-resnet-152
squeezenet1.1
resnet-50-int8-sparse-v1-tf-0001
resnet-50-int8-sparse-v2-tf-0001
inceptionv3-int8-sparse-v2-tf-0001
resnet50-binary-0001
resnet-50-int8-tf-0001
vehicle-attributes-recognition-barrier-0039
mobilenetv2-int8-sparse-v2-tf-0001
person-attributes-recognition-crossroad-0230
mobilenetv2-int8-sparse-v1-tf-0001
mobilenetv2-int8-tf-0001
inceptionv3-int8-tf-0001
inceptionv3-int8-sparse-v1-tf-0001